// Jest Snapshot v1, https://goo.gl/fbAQLP

exports[`Component DigiTeamBatchImport renders page 1`] = `
<StandardPage
  title="Batch import"
>
  <form>
    <WithStyles(Grid)
      container={true}
      spacing={16}
    >
      <WithStyles(Grid)
        item={true}
        xs={12}
      >
        <StandardCard
          help={Object {}}
          title="Select destination collection"
        >
          <WithStyles(Grid)
            container={true}
            spacing={16}
          >
            <WithStyles(Grid)
              item={true}
              xs={12}
            >
              <Field
                component={[Function]}
                locale={
                  Object {
                    "label": "Select community",
                    "placeholder": "Select a community this collection is a member of",
                  }
                }
                name="community_ismemberof"
                onChange={[Function]}
                required={true}
                validate={
                  Array [
                    [Function],
                  ]
                }
              />
            </WithStyles(Grid)>
          </WithStyles(Grid)>
        </StandardCard>
      </WithStyles(Grid)>
    </WithStyles(Grid)>
    <WithStyles(Grid)
      item={true}
      xs={12}
    >
      <StandardCard
        help={Object {}}
        title="Select a document type"
      >
        <WithStyles(Grid)
          container={true}
          spacing={16}
        >
          <WithStyles(Grid)
            item={true}
            xs={12}
          >
            <WithStyles(DocumentTypeField)
              disableMultiple={true}
              docTypes={Array []}
              locale={
                Object {
                  "ariaLabel": "Select a publications type",
                  "hint": "Select document type",
                  "title": "Work type",
                }
              }
              required={true}
              updateDocTypeValues={[Function]}
            />
          </WithStyles(Grid)>
        </WithStyles(Grid)>
      </StandardCard>
    </WithStyles(Grid)>
  </form>
</StandardPage>
`;
