// Jest Snapshot v1, https://goo.gl/fbAQLP

exports[`Component AcknowledgementOfCountry should render component 1`] = `
<StandardCard
  primaryHeader={true}
  title="What is eSpace?"
>
  <WithStyles(ForwardRef(Typography))
    variant="body2"
  >
    <span>
      The University of Queensland's institutional repository, UQ eSpace, aims to create global visibility and accessibility of UQ’s scholarly research by enhancing discovery of UQ research via search engines such as Google and Trove...
    </span>
    <Link
      to="/contact"
    >
       read more
    </Link>
  </WithStyles(ForwardRef(Typography))>
</StandardCard>
`;
