// Jest Snapshot v1, https://goo.gl/fbAQLP

exports[`UnpublishedBufferCitationView test button click sets value should render empty component with no date 1`] = `
<WithStyles(ForwardRef(Grid))
  alignItems="center"
  container={true}
>
  <WithStyles(ForwardRef(Grid))
    item={true}
    style={
      Object {
        "flexGrow": 1,
      }
    }
    xs="auto"
  >
    <WithStyles(ForwardRef(Typography))
      variant="caption"
    >
      <i>
        <CitationView
          prefix=" "
          suffix=", "
        />
      </i>
      <DateCitationView
        className="citationDate"
        forceSpecifiedFormat={true}
        format="DD/MM/YYYY"
        isLocalised={true}
        prefix="Created "
        suffix=", "
      />
      <DateCitationView
        className="citationDate"
        forceSpecifiedFormat={true}
        format="DD/MM/YYYY"
        isLocalised={true}
        prefix="Updated "
        suffix="."
      />
    </WithStyles(ForwardRef(Typography))>
  </WithStyles(ForwardRef(Grid))>
</WithStyles(ForwardRef(Grid))>
`;
