// Jest Snapshot v1, https://goo.gl/fbAQLP

exports[`Available Versions Component  should render component 1`] = `
<div>
  <div
    class="MuiGrid2-root MuiGrid2-direction-xs-row MuiGrid2-grid-xs-12 css-16fnxy3-MuiGrid2-root"
  >
    <div
      class="MuiPaper-root MuiPaper-elevation MuiPaper-rounded MuiPaper-elevation1 MuiCard-root StandardCard css-985319-MuiPaper-root-MuiCard-root"
      data-testid="standard-card-available-versions"
      id="standard-card-available-versions"
    >
      <div
        class="MuiCardHeader-root css-16c6n48-MuiCardHeader-root"
      >
        <div
          class="MuiCardHeader-content css-1qbkelo-MuiCardHeader-content"
        >
          <h3
            class="MuiTypography-root MuiTypography-h5 MuiCardHeader-title css-1hzv55z-MuiTypography-root"
            data-testid="standard-card-available-versions-header"
            id="standard-card-available-versions-header"
          >
            Available versions
          </h3>
        </div>
      </div>
      <div
        class="MuiCardContent-root css-46bh2p-MuiCardContent-root"
        data-analyticsid="standard-card-available-versions-content"
        data-testid="standard-card-available-versions-content"
        id="standard-card-available-versions-content"
      >
        <ul
          class="publicationList MuiBox-root css-dpoqzr"
        >
          <li>
            <p
              class="MuiTypography-root MuiTypography-body2 css-1omq3q2-MuiTypography-root"
              data-testid="rek-isderivationof-current"
            >
              Data collection mock testing record
              <b>
                 (Current Record)
              </b>
            </p>
          </li>
          <li>
            <p
              class="MuiTypography-root MuiTypography-body2 css-1omq3q2-MuiTypography-root"
              data-testid="rek-has-derivations-0"
            >
              <a
                href="/view/UQ:313292"
              >
                Toxicity characterization of urban stormwater with bioanalytical tools
              </a>
            </p>
          </li>
        </ul>
      </div>
    </div>
  </div>
</div>
`;
