// Jest Snapshot v1, https://goo.gl/fbAQLP

exports[`Component MyLatestPublications should render latest publications 1`] = `
<div>
  <div
    class="MuiBox-root css-0"
    data-testid="search-results-publications-list"
    id="search-results-publications-list"
  >
    <div
      class="publicationCitation"
    >
      <div
        class="css-0"
        data-testid="publication-citation-parent-UQ:678947"
        id="publication-citation-parent-UQ:678947"
      >
        <div
          class="MuiGridLegacy-root MuiGridLegacy-container css-164hai-MuiGridLegacy-root"
        >
          <div
            class="MuiGridLegacy-root MuiGridLegacy-item MuiGridLegacy-grid-xs-true css-1skj0mj-MuiGridLegacy-root"
          >
            <div
              class="MuiGridLegacy-root MuiGridLegacy-container css-164hai-MuiGridLegacy-root"
            >
              <div
                class="MuiGridLegacy-root MuiGridLegacy-item MuiGridLegacy-grid-xs-true css-1skj0mj-MuiGridLegacy-root"
                style="min-width: 1px;"
              >
                <h6
                  class="MuiTypography-root MuiTypography-h6 PublicationCitation-citationTitle css-6on8jz-MuiTypography-root"
                >
                  <a
                    data-discover="true"
                    href="/view/UQ:678947"
                  >
                    Long noncoding RNAs CUPID1 and CUPID2 mediate breast cancer risk at 11q13 by modulating the response to DNA damage
                  </a>
                </h6>
              </div>
              <div
                class="MuiGridLegacy-root MuiGridLegacy-item MuiGridLegacy-grid-xs-12 css-1ulg1rp-MuiGridLegacy-root"
              >
                <span
                  class="citationContent citationJournalArticle"
                  id="citation-content-UQ:678947"
                >
                  <span
                    class="citationAuthors"
                  >
                    <span
                      class="citationAuthor"
                      data-testid="rek-author-0"
                    >
                      Betts, Joshua A.
                    </span>
                    , 
                    <span
                      class="citationAuthor"
                      data-testid="rek-author-1"
                    >
                      Moradi Marjaneh, Mahdi
                    </span>
                    , 
                    <span
                      class="citationAuthor"
                      data-testid="rek-author-2"
                    >
                      Al-Ejeh, Fares
                    </span>
                    , 
                    <span
                      class="citationAuthor"
                      data-testid="rek-author-3"
                    >
                      Lim, Yi Chieh
                    </span>
                    , 
                    <span
                      class="citationAuthor"
                      data-testid="rek-author-4"
                    >
                      Shi, Wei
                    </span>
                    , 
                    <span
                      class="citationAuthor"
                      data-testid="rek-author-5"
                    >
                      Sivakumaran, Haran
                    </span>
                    , 
                    <span
                      class="citationAuthor"
                      data-testid="rek-author-6"
                    >
                      Tropee, Romain
                    </span>
                    , 
                    <span
                      class="citationAuthor"
                      data-testid="rek-author-7"
                    >
                      Patch, Ann.-Marie
                    </span>
                    , 
                    <span
                      class="citationAuthor"
                      data-testid="rek-author-8"
                    >
                      Clark, Michael B.
                    </span>
                    , 
                    <span
                      class="citationAuthor"
                      data-testid="rek-author-9"
                    >
                      Bartonicek, Nenad
                    </span>
                    , 
                    <span
                      class="citationAuthor"
                      data-testid="rek-author-10"
                    >
                      Wiegmans, Adrian P.
                    </span>
                    , 
                    <span
                      class="citationAuthor"
                      data-testid="rek-author-11"
                    >
                      Hillman, Kristine M.
                    </span>
                    , 
                    <span
                      class="citationAuthor"
                      data-testid="rek-author-12"
                    >
                      Kaufmann, Susanne
                    </span>
                    , 
                    <span
                      class="citationAuthor"
                      data-testid="rek-author-13"
                    >
                      Bain, Amanda L.
                    </span>
                    , 
                    <span
                      class="citationAuthor"
                      data-testid="rek-author-14"
                    >
                      Gloss, Brian S.
                    </span>
                    , 
                    <span
                      class="citationAuthor"
                      data-testid="rek-author-15"
                    >
                      Crawford, Joanna
                    </span>
                    , 
                    <span
                      class="citationAuthor"
                      data-testid="rek-author-16"
                    >
                      Kazakoff, Stephen
                    </span>
                    , 
                    <span
                      class="citationAuthor"
                      data-testid="rek-author-17"
                    >
                      Wani, Shivangi
                    </span>
                    , 
                    <span
                      class="citationAuthor"
                      data-testid="rek-author-18"
                    >
                      Wen Shu W.
                    </span>
                    , 
                    <span
                      class="citationAuthor"
                      data-testid="rek-author-19"
                    >
                      Day, Bryan
                    </span>
                    , 
                    <span
                      class="citationAuthor"
                      data-testid="rek-author-20"
                    >
                      Moller, Andreas
                    </span>
                    , 
                    <span
                      class="citationAuthor"
                      data-testid="rek-author-21"
                    >
                      Cloonan, Nicole
                    </span>
                    , 
                    <span
                      class="citationAuthor"
                      data-testid="rek-author-22"
                    >
                      Pearson,John
                    </span>
                    , 
                    <span
                      class="citationAuthor"
                      data-testid="rek-author-23"
                    >
                      Brown, Melissa A.
                    </span>
                    , 
                    <span
                      class="citationAuthor"
                      data-testid="rek-author-24"
                    >
                      Mercer, Timothy R.
                    </span>
                    , 
                    <span
                      class="citationAuthor"
                      data-testid="rek-author-25"
                    >
                      Waddell, Nicola
                    </span>
                    , 
                    <span
                      class="citationAuthor"
                      data-testid="rek-author-26"
                    >
                      Khanna,  Kum Kum
                    </span>
                    , 
                    <span
                      class="citationAuthor"
                      data-testid="rek-author-27"
                    >
                      Dray, Eloise
                    </span>
                    , 
                    <span
                      class="citationAuthor"
                      data-testid="rek-author-28"
                    >
                      Dinger, Marcel E.
                    </span>
                     and 2 more
                     
                  </span>
                  <span
                    class="citationDate"
                  >
                    (
                    2017
                    ).
                  </span>
                  <span
                    class="citationTitle"
                  >
                     
                    Long noncoding RNAs CUPID1 and CUPID2 mediate breast cancer risk at 11q13 by modulating the response to DNA damage
                    .
                  </span>
                  <span
                    class="citationJournalName"
                  >
                     
                    American Journal of Human Genetics
                     
                  </span>
                  <span
                    class="citationVolumeNumber"
                  >
                     
                    101
                     
                  </span>
                  <span
                    class="citationIssueNumber"
                  >
                    (
                    2
                    ) 
                  </span>
                  <span
                    class="citationArticleNumber empty"
                  />
                  <span
                    class="citationPageRange"
                  >
                    <span
                      class="citationStartPage"
                    >
                      255
                    </span>
                    -
                    <span
                      class="citationEndPage"
                    >
                      266
                    </span>
                  </span>
                  <span>
                    . 
                  </span>
                  <span
                    data-testid="rek-doi"
                  >
                    <a
                      aria-label="Open this DOI in an new window"
                      class="citationDoiLink css-1oqhn84"
                      data-analyticsid="citation-doi-link"
                      data-testid="citation-doi-link"
                      href="https://doi.org/10.1016/j.ajhg.2017.07.007"
                      id="citation-doi-link"
                      rel="noopener noreferrer"
                      tabindex="0"
                      target="_blank"
                      title="Open this DOI in an new window"
                    >
                      <svg
                        aria-hidden="true"
                        class="MuiSvgIcon-root MuiSvgIcon-fontSizeMedium css-1rso8a2-MuiSvgIcon-root"
                        data-testid="OpenInNewIcon"
                        focusable="false"
                        id="citation-doi-link-new-window-icon"
                        viewBox="0 0 24 24"
                      >
                        <path
                          d="M19 19H5V5h7V3H5c-1.11 0-2 .9-2 2v14c0 1.1.89 2 2 2h14c1.1 0 2-.9 2-2v-7h-2zM14 3v2h3.59l-9.83 9.83 1.41 1.41L19 6.41V10h2V3z"
                        />
                      </svg>
                      https://doi.org/10.1016/j.ajhg.2017.07.007
                    </a>
                  </span>
                </span>
              </div>
              <div
                class="MuiGridLegacy-root MuiGridLegacy-item MuiGridLegacy-grid-xs-12 css-fwd0zd-MuiGridLegacy-root"
              >
                <div
                  class="MuiGridLegacy-root MuiGridLegacy-container css-4zaipq-MuiGridLegacy-root"
                >
                  <div
                    class="MuiGridLegacy-root MuiGridLegacy-item MuiGridLegacy-grid-xs-auto css-wx9gf7-MuiGridLegacy-root"
                  >
                    <div
                      class="MuiGridLegacy-root MuiGridLegacy-container css-164hai-MuiGridLegacy-root"
                    >
                      <div
                        class="MuiGridLegacy-root MuiGridLegacy-item MuiGridLegacy-grid-xs-12 MuiGridLegacy-grid-sm-auto css-e9j1q9-MuiGridLegacy-root"
                      >
                        <a
                          aria-label="Full citation in Web of science will open in a new window"
                          class="wosCitationCount css-si3g8d"
                          data-analyticsid="wos-citation-count-link"
                          data-testid="wos-citation-count-link"
                          href="https://www.webofknowledge.com/?auth=ShibbolethIdPForm&entityID=https://idp.uq.edu.au/entity&ShibFederation=OpenAthensFederation&DestApp=WOS&target=https%253A%252F%252Fwww.webofscience.com%252Fapi%252Fgateway%253FGWVersion%253D2%2526SrcAuth%253Duqueensland%2526SrcApp%253Dresolve1%2526DestLinkType%253DFullRecord%2526DestApp%253DWOS_CPL%2526KeyUT%253D000406854800009"
                          id="wos-citation-count-link"
                          rel="noopener noreferrer"
                          tabindex="0"
                          target="_blank"
                          title="Full citation in Web of science will open in a new window"
                        >
                          <span
                            class="fez-icon wos large"
                          />
                          <span
                            class="MuiBox-root css-19k1sqg"
                          >
                            0
                          </span>
                        </a>
                        <a
                          aria-label="Full citation in Scopus will open in a new window"
                          class="scopusCitationCount css-si3g8d"
                          data-analyticsid="scopus-citation-count-link"
                          data-testid="scopus-citation-count-link"
                          href="https://resolver.library.uq.edu.au/openathens/redir?qurl=https%3A%2F%2Fwww.scopus.com%2Frecord%2Fdisplay.uri%3Feid%3D2-s2.0-85026769370%26origin%3Dinward"
                          id="scopus-citation-count-link"
                          rel="noopener noreferrer"
                          tabindex="0"
                          target="_blank"
                          title="Full citation in Scopus will open in a new window"
                        >
                          <span
                            class="fez-icon scopus large"
                          />
                          <span
                            class="MuiBox-root css-19k1sqg"
                          >
                            0
                          </span>
                        </a>
                        <a
                          aria-label="Full citation in Altmetric will open in a new window"
                          class="altmetricCitationCount css-si3g8d"
                          data-analyticsid="altmetric-citation-count-link"
                          data-testid="altmetric-citation-count-link"
                          href="https://queensland.altmetric.com/details/23460021"
                          id="altmetric-citation-count-link"
                          rel="noopener noreferrer"
                          tabindex="0"
                          target="_blank"
                          title="Full citation in Altmetric will open in a new window"
                        >
                          <span
                            class="fez-icon altmetric large"
                          />
                          <span
                            class="MuiBox-root css-19k1sqg"
                          >
                            3
                          </span>
                        </a>
                        <a
                          aria-label="Full citation in Google scholar will open in a new window"
                          class="googleCitationCount css-si3g8d"
                          data-analyticsid="google-citation-count-link"
                          data-testid="google-citation-count-link"
                          href="https://scholar.google.com/scholar?q=intitle:Long%20noncoding%20RNAs%20CUPID1%20and%20CUPID2%20mediate%20breast%20cancer%20risk%20at%2011q13%20by%20modulating%20the%20response%20to%20DNA%20damage"
                          id="google-citation-count-link"
                          rel="noopener noreferrer"
                          tabindex="0"
                          target="_blank"
                          title="Full citation in Google scholar will open in a new window"
                        >
                          <span
                            class="fez-icon google large"
                          />
                        </a>
                        <span
                          class="noOaIcon"
                          data-testid="oa-n/a-icon"
                        />
                      </div>
                      <div
                        class="MuiGridLegacy-root MuiGridLegacy-item css-11uceyq-MuiGridLegacy-root"
                      />
                      <div
                        class="MuiGridLegacy-root MuiGridLegacy-item MuiGridLegacy-grid-xs-true css-1n3v6zn-MuiGridLegacy-root"
                      />
                    </div>
                  </div>
                </div>
              </div>
            </div>
          </div>
        </div>
        <div
          class="MuiGridLegacy-root MuiGridLegacy-container MuiGridLegacy-spacing-xs-1 css-8slyrk-MuiGridLegacy-root"
        >
          <div
            class="MuiGridLegacy-root MuiGridLegacy-item MuiGridLegacy-grid-xs-true css-1n3v6zn-MuiGridLegacy-root"
          />
          <div
            class="MuiGridLegacy-root MuiGridLegacy-item MuiGridLegacy-grid-xs-12 MuiGridLegacy-grid-sm-auto css-e9j1q9-MuiGridLegacy-root"
          >
            <button
              class="MuiButtonBase-root MuiButton-root UQ678947 MuiButton-text MuiButton-textPrimary MuiButton-sizeMedium MuiButton-textSizeMedium MuiButton-colorPrimary MuiButton-fullWidth MuiButton-root UQ678947 MuiButton-text MuiButton-textPrimary MuiButton-sizeMedium MuiButton-textSizeMedium MuiButton-colorPrimary MuiButton-fullWidth publicationAction buttonOrder0 css-1n5sf3i-MuiButtonBase-root-MuiButton-root"
              data-testid="publication-action-UQ678947-secondary"
              tabindex="0"
              type="button"
            >
              Request Correction
            </button>
          </div>
        </div>
      </div>
      <hr
        class="MuiDivider-root MuiDivider-fullWidth css-zww2ny-MuiDivider-root"
      />
    </div>
    <div
      class="publicationCitation"
    >
      <div
        class="css-0"
        data-testid="publication-citation-parent-UQ:792104"
        id="publication-citation-parent-UQ:792104"
      >
        <div
          class="MuiGridLegacy-root MuiGridLegacy-container css-164hai-MuiGridLegacy-root"
        >
          <div
            class="MuiGridLegacy-root MuiGridLegacy-item MuiGridLegacy-grid-xs-true css-1skj0mj-MuiGridLegacy-root"
          >
            <div
              class="MuiGridLegacy-root MuiGridLegacy-container css-164hai-MuiGridLegacy-root"
            >
              <div
                class="MuiGridLegacy-root MuiGridLegacy-item MuiGridLegacy-grid-xs-true css-1skj0mj-MuiGridLegacy-root"
                style="min-width: 1px;"
              >
                <h6
                  class="MuiTypography-root MuiTypography-h6 PublicationCitation-citationTitle css-6on8jz-MuiTypography-root"
                >
                  <a
                    data-discover="true"
                    href="/view/UQ:792104"
                  >
                    Conf A proceedings
                  </a>
                </h6>
              </div>
              <div
                class="MuiGridLegacy-root MuiGridLegacy-item MuiGridLegacy-grid-xs-12 css-1ulg1rp-MuiGridLegacy-root"
              >
                <span
                  class="citationContent citationDesign"
                  id="citation-content-UQ:792104"
                >
                  <span
                    class="citationEditors"
                  >
                    <span
                      class="citationAuthor"
                      data-testid="rek-contributor-0"
                    >
                      M Brow
                    </span>
                    , 
                    <span
                      class="citationAuthor"
                      data-testid="rek-contributor-1"
                    >
                      N Brow
                    </span>
                    , 
                     and 
                    <span
                      class="citationAuthor"
                      data-testid="rek-contributor-2"
                    >
                      J Brow
                    </span>
                     ed. 
                  </span>
                  <span
                    class="citationDate"
                  >
                    (
                    2017
                    ).
                  </span>
                  <span
                    class="citationTitle"
                  >
                     
                    Conf A proceedings
                    .
                  </span>
                  <span
                    class="citationConferenceName"
                  >
                     
                    A conf 2017
                    , 
                  </span>
                  <span
                    class="citationConferenceLocation"
                  >
                     
                    Brisbane
                    , 
                  </span>
                  <span
                    class="citationConferenceDate"
                  >
                     
                    10-17 Oct 2017
                    .
                  </span>
                  <span
                    class="citationPlaceOfPublication"
                  >
                     
                    UQ
                    : 
                  </span>
                  <span
                    class="citationPublisher"
                  >
                     
                    UQ Pub
                    .
                  </span>
                  <span
                    class="citationDOI empty"
                  />
                </span>
              </div>
              <div
                class="MuiGridLegacy-root MuiGridLegacy-item MuiGridLegacy-grid-xs-12 css-fwd0zd-MuiGridLegacy-root"
              >
                <div
                  class="MuiGridLegacy-root MuiGridLegacy-container css-4zaipq-MuiGridLegacy-root"
                >
                  <div
                    class="MuiGridLegacy-root MuiGridLegacy-item MuiGridLegacy-grid-xs-auto css-wx9gf7-MuiGridLegacy-root"
                  >
                    <div
                      class="MuiGridLegacy-root MuiGridLegacy-container css-164hai-MuiGridLegacy-root"
                    >
                      <div
                        class="MuiGridLegacy-root MuiGridLegacy-item MuiGridLegacy-grid-xs-12 MuiGridLegacy-grid-sm-auto css-e9j1q9-MuiGridLegacy-root"
                      >
                        <a
                          aria-label="Full citation in Google scholar will open in a new window"
                          class="googleCitationCount css-si3g8d"
                          data-analyticsid="google-citation-count-link"
                          data-testid="google-citation-count-link"
                          href="https://scholar.google.com/scholar?q=intitle:Conf%20A%20proceedings"
                          id="google-citation-count-link"
                          rel="noopener noreferrer"
                          tabindex="0"
                          target="_blank"
                          title="Full citation in Google scholar will open in a new window"
                        >
                          <span
                            class="fez-icon google large"
                          />
                        </a>
                        <span
                          class="noOaIcon"
                          data-testid="oa-n/a-icon"
                        />
                      </div>
                      <div
                        class="MuiGridLegacy-root MuiGridLegacy-item css-11uceyq-MuiGridLegacy-root"
                      />
                      <div
                        class="MuiGridLegacy-root MuiGridLegacy-item MuiGridLegacy-grid-xs-true css-1n3v6zn-MuiGridLegacy-root"
                      />
                    </div>
                  </div>
                </div>
              </div>
            </div>
          </div>
        </div>
        <div
          class="MuiGridLegacy-root MuiGridLegacy-container MuiGridLegacy-spacing-xs-1 css-8slyrk-MuiGridLegacy-root"
        >
          <div
            class="MuiGridLegacy-root MuiGridLegacy-item MuiGridLegacy-grid-xs-true css-1n3v6zn-MuiGridLegacy-root"
          />
          <div
            class="MuiGridLegacy-root MuiGridLegacy-item MuiGridLegacy-grid-xs-12 MuiGridLegacy-grid-sm-auto css-e9j1q9-MuiGridLegacy-root"
          >
            <button
              class="MuiButtonBase-root MuiButton-root UQ792104 MuiButton-text MuiButton-textPrimary MuiButton-sizeMedium MuiButton-textSizeMedium MuiButton-colorPrimary MuiButton-fullWidth MuiButton-root UQ792104 MuiButton-text MuiButton-textPrimary MuiButton-sizeMedium MuiButton-textSizeMedium MuiButton-colorPrimary MuiButton-fullWidth publicationAction buttonOrder0 css-1n5sf3i-MuiButtonBase-root-MuiButton-root"
              data-testid="publication-action-UQ792104-secondary"
              tabindex="0"
              type="button"
            >
              Request Correction
            </button>
          </div>
        </div>
      </div>
      <hr
        class="MuiDivider-root MuiDivider-fullWidth css-zww2ny-MuiDivider-root"
      />
    </div>
    <div
      class="publicationCitation"
    >
      <div
        class="css-0"
        data-testid="publication-citation-parent-UQ:792110"
        id="publication-citation-parent-UQ:792110"
      >
        <div
          class="MuiGridLegacy-root MuiGridLegacy-container css-164hai-MuiGridLegacy-root"
        >
          <div
            class="MuiGridLegacy-root MuiGridLegacy-item MuiGridLegacy-grid-xs-true css-1skj0mj-MuiGridLegacy-root"
          >
            <div
              class="MuiGridLegacy-root MuiGridLegacy-container css-164hai-MuiGridLegacy-root"
            >
              <div
                class="MuiGridLegacy-root MuiGridLegacy-item MuiGridLegacy-grid-xs-true css-1skj0mj-MuiGridLegacy-root"
                style="min-width: 1px;"
              >
                <h6
                  class="MuiTypography-root MuiTypography-h6 PublicationCitation-citationTitle css-6on8jz-MuiTypography-root"
                >
                  <a
                    data-discover="true"
                    href="/view/UQ:792110"
                  >
                    Testing book with cache
                  </a>
                </h6>
              </div>
              <div
                class="MuiGridLegacy-root MuiGridLegacy-item MuiGridLegacy-grid-xs-12 css-1ulg1rp-MuiGridLegacy-root"
              >
                <span
                  class="citationContent citationBook"
                  id="citation-content-UQ:792110"
                >
                  <span
                    class="citationAuthors"
                  >
                    <span
                      class="citationAuthor"
                      data-testid="rek-author-0"
                    >
                      V. Asai
                    </span>
                     and 
                    <span
                      class="citationAuthor"
                      data-testid="rek-author-1"
                    >
                      M Brown
                    </span>
                     
                  </span>
                  <span
                    class="citationDate"
                  >
                    (
                    2017
                    ).
                  </span>
                  <span
                    class="citationTitle"
                  >
                     
                    Testing book with cache
                    .
                  </span>
                  <span
                    class="citationEdition empty"
                  />
                  <span
                    class="citationPlaceOfPublication"
                  >
                     
                    Testing book with cache
                    :
                  </span>
                  <span
                    class="citationPublisher"
                  >
                     
                    UQ
                    .
                  </span>
                  <span
                    class="citationDOI empty"
                  />
                </span>
              </div>
              <div
                class="MuiGridLegacy-root MuiGridLegacy-item MuiGridLegacy-grid-xs-12 css-fwd0zd-MuiGridLegacy-root"
              >
                <div
                  class="MuiGridLegacy-root MuiGridLegacy-container css-4zaipq-MuiGridLegacy-root"
                >
                  <div
                    class="MuiGridLegacy-root MuiGridLegacy-item MuiGridLegacy-grid-xs-auto css-wx9gf7-MuiGridLegacy-root"
                  >
                    <div
                      class="MuiGridLegacy-root MuiGridLegacy-container css-164hai-MuiGridLegacy-root"
                    >
                      <div
                        class="MuiGridLegacy-root MuiGridLegacy-item MuiGridLegacy-grid-xs-12 MuiGridLegacy-grid-sm-auto css-e9j1q9-MuiGridLegacy-root"
                      >
                        <a
                          aria-label="Full citation in Google scholar will open in a new window"
                          class="googleCitationCount css-si3g8d"
                          data-analyticsid="google-citation-count-link"
                          data-testid="google-citation-count-link"
                          href="https://scholar.google.com/scholar?q=intitle:Testing%20book%20with%20cache"
                          id="google-citation-count-link"
                          rel="noopener noreferrer"
                          tabindex="0"
                          target="_blank"
                          title="Full citation in Google scholar will open in a new window"
                        >
                          <span
                            class="fez-icon google large"
                          />
                        </a>
                        <span
                          class="noOaIcon"
                          data-testid="oa-n/a-icon"
                        />
                      </div>
                      <div
                        class="MuiGridLegacy-root MuiGridLegacy-item css-11uceyq-MuiGridLegacy-root"
                      />
                      <div
                        class="MuiGridLegacy-root MuiGridLegacy-item MuiGridLegacy-grid-xs-true css-1n3v6zn-MuiGridLegacy-root"
                      />
                    </div>
                  </div>
                </div>
              </div>
            </div>
          </div>
        </div>
        <div
          class="MuiGridLegacy-root MuiGridLegacy-container MuiGridLegacy-spacing-xs-1 css-8slyrk-MuiGridLegacy-root"
        >
          <div
            class="MuiGridLegacy-root MuiGridLegacy-item MuiGridLegacy-grid-xs-true css-1n3v6zn-MuiGridLegacy-root"
          />
          <div
            class="MuiGridLegacy-root MuiGridLegacy-item MuiGridLegacy-grid-xs-12 MuiGridLegacy-grid-sm-auto css-e9j1q9-MuiGridLegacy-root"
          >
            <button
              class="MuiButtonBase-root MuiButton-root UQ792110 MuiButton-text MuiButton-textPrimary MuiButton-sizeMedium MuiButton-textSizeMedium MuiButton-colorPrimary MuiButton-fullWidth MuiButton-root UQ792110 MuiButton-text MuiButton-textPrimary MuiButton-sizeMedium MuiButton-textSizeMedium MuiButton-colorPrimary MuiButton-fullWidth publicationAction buttonOrder0 css-1n5sf3i-MuiButtonBase-root-MuiButton-root"
              data-testid="publication-action-UQ792110-secondary"
              tabindex="0"
              type="button"
            >
              Request Correction
            </button>
          </div>
        </div>
      </div>
      <hr
        class="MuiDivider-root MuiDivider-fullWidth css-zww2ny-MuiDivider-root"
      />
    </div>
    <div
      class="publicationCitation"
    >
      <div
        class="css-0"
        data-testid="publication-citation-parent-UQ:792111"
        id="publication-citation-parent-UQ:792111"
      >
        <div
          class="MuiGridLegacy-root MuiGridLegacy-container css-164hai-MuiGridLegacy-root"
        >
          <div
            class="MuiGridLegacy-root MuiGridLegacy-item MuiGridLegacy-grid-xs-true css-1skj0mj-MuiGridLegacy-root"
          >
            <div
              class="MuiGridLegacy-root MuiGridLegacy-container css-164hai-MuiGridLegacy-root"
            >
              <div
                class="MuiGridLegacy-root MuiGridLegacy-item MuiGridLegacy-grid-xs-true css-1skj0mj-MuiGridLegacy-root"
                style="min-width: 1px;"
              >
                <h6
                  class="MuiTypography-root MuiTypography-h6 PublicationCitation-citationTitle css-6on8jz-MuiTypography-root"
                >
                  <a
                    data-discover="true"
                    href="/view/UQ:792111"
                  >
                    Conference paper with caching
                  </a>
                </h6>
              </div>
              <div
                class="MuiGridLegacy-root MuiGridLegacy-item MuiGridLegacy-grid-xs-12 css-1ulg1rp-MuiGridLegacy-root"
              >
                <span
                  class="citationContent citationConferencePaper"
                  id="citation-content-UQ:792111"
                >
                  <span
                    class="citationAuthors"
                  >
                    <span
                      class="citationAuthor"
                      data-testid="rek-author-0"
                    >
                      M Brown
                    </span>
                     
                  </span>
                  <span
                    class="citationDate"
                  >
                    (
                    2017
                    ).
                  </span>
                  <span
                    class="citationTitle"
                  >
                     
                    Conference paper with caching
                    .
                  </span>
                  <span
                    class="citationConferenceName"
                  >
                     
                    Caching techniques
                    , 
                  </span>
                  <span
                    class="citationConferenceLocation"
                  >
                     
                    Brisbane
                    , 
                  </span>
                  <span
                    class="citationConferenceDates"
                  >
                     
                    14-15 November 2017
                    .
                  </span>
                  <span
                    class="citationPlaceOfPublication empty"
                  />
                  <span
                    class="citationPublisher empty"
                  />
                  <span
                    class="citationDOI empty"
                  />
                </span>
              </div>
              <div
                class="MuiGridLegacy-root MuiGridLegacy-item MuiGridLegacy-grid-xs-12 css-fwd0zd-MuiGridLegacy-root"
              >
                <div
                  class="MuiGridLegacy-root MuiGridLegacy-container css-4zaipq-MuiGridLegacy-root"
                >
                  <div
                    class="MuiGridLegacy-root MuiGridLegacy-item MuiGridLegacy-grid-xs-auto css-wx9gf7-MuiGridLegacy-root"
                  >
                    <div
                      class="MuiGridLegacy-root MuiGridLegacy-container css-164hai-MuiGridLegacy-root"
                    >
                      <div
                        class="MuiGridLegacy-root MuiGridLegacy-item MuiGridLegacy-grid-xs-12 MuiGridLegacy-grid-sm-auto css-e9j1q9-MuiGridLegacy-root"
                      >
                        <a
                          aria-label="Full citation in Google scholar will open in a new window"
                          class="googleCitationCount css-si3g8d"
                          data-analyticsid="google-citation-count-link"
                          data-testid="google-citation-count-link"
                          href="https://scholar.google.com/scholar?q=intitle:Conference%20paper%20with%20caching"
                          id="google-citation-count-link"
                          rel="noopener noreferrer"
                          tabindex="0"
                          target="_blank"
                          title="Full citation in Google scholar will open in a new window"
                        >
                          <span
                            class="fez-icon google large"
                          />
                        </a>
                        <span
                          class="noOaIcon"
                          data-testid="oa-n/a-icon"
                        />
                      </div>
                      <div
                        class="MuiGridLegacy-root MuiGridLegacy-item css-11uceyq-MuiGridLegacy-root"
                      />
                      <div
                        class="MuiGridLegacy-root MuiGridLegacy-item MuiGridLegacy-grid-xs-true css-1n3v6zn-MuiGridLegacy-root"
                      />
                    </div>
                  </div>
                </div>
              </div>
            </div>
          </div>
        </div>
        <div
          class="MuiGridLegacy-root MuiGridLegacy-container MuiGridLegacy-spacing-xs-1 css-8slyrk-MuiGridLegacy-root"
        >
          <div
            class="MuiGridLegacy-root MuiGridLegacy-item MuiGridLegacy-grid-xs-true css-1n3v6zn-MuiGridLegacy-root"
          />
          <div
            class="MuiGridLegacy-root MuiGridLegacy-item MuiGridLegacy-grid-xs-12 MuiGridLegacy-grid-sm-auto css-e9j1q9-MuiGridLegacy-root"
          >
            <button
              class="MuiButtonBase-root MuiButton-root UQ792111 MuiButton-text MuiButton-textPrimary MuiButton-sizeMedium MuiButton-textSizeMedium MuiButton-colorPrimary MuiButton-fullWidth MuiButton-root UQ792111 MuiButton-text MuiButton-textPrimary MuiButton-sizeMedium MuiButton-textSizeMedium MuiButton-colorPrimary MuiButton-fullWidth publicationAction buttonOrder0 css-1n5sf3i-MuiButtonBase-root-MuiButton-root"
              data-testid="publication-action-UQ792111-secondary"
              tabindex="0"
              type="button"
            >
              Request Correction
            </button>
          </div>
        </div>
      </div>
      <hr
        class="MuiDivider-root MuiDivider-fullWidth css-zww2ny-MuiDivider-root"
      />
    </div>
    <div
      class="publicationCitation"
    >
      <div
        class="css-0"
        data-testid="publication-citation-parent-UQ:396321"
        id="publication-citation-parent-UQ:396321"
      >
        <div
          class="MuiGridLegacy-root MuiGridLegacy-container css-164hai-MuiGridLegacy-root"
        >
          <div
            class="MuiGridLegacy-root MuiGridLegacy-item MuiGridLegacy-grid-xs-true css-1skj0mj-MuiGridLegacy-root"
          >
            <div
              class="MuiGridLegacy-root MuiGridLegacy-container css-164hai-MuiGridLegacy-root"
            >
              <div
                class="MuiGridLegacy-root MuiGridLegacy-item MuiGridLegacy-grid-xs-true css-1skj0mj-MuiGridLegacy-root"
                style="min-width: 1px;"
              >
                <h6
                  class="MuiTypography-root MuiTypography-h6 PublicationCitation-citationTitle css-6on8jz-MuiTypography-root"
                >
                  <a
                    data-discover="true"
                    href="/view/UQ:396321"
                  >
                    Long-range regulators of the lncRNA HOTAIR enhance its prognostic potential in breast cancer
                  </a>
                </h6>
              </div>
              <div
                class="MuiGridLegacy-root MuiGridLegacy-item MuiGridLegacy-grid-xs-12 css-1ulg1rp-MuiGridLegacy-root"
              >
                <span
                  class="citationContent citationJournalArticle"
                  id="citation-content-UQ:396321"
                >
                  <span
                    class="citationAuthors"
                  >
                    <span
                      class="citationAuthor"
                      data-testid="rek-author-0"
                    >
                      Milevskiy, Michael J. G.
                    </span>
                    , 
                    <span
                      class="citationAuthor"
                      data-testid="rek-author-1"
                    >
                      Al-Ejeh, Fares
                    </span>
                    , 
                    <span
                      class="citationAuthor"
                      data-testid="rek-author-2"
                    >
                      Saunus, Jodi M.
                    </span>
                    , 
                    <span
                      class="citationAuthor"
                      data-testid="rek-author-3"
                    >
                      Northwood, Korinne S.
                    </span>
                    , 
                    <span
                      class="citationAuthor"
                      data-testid="rek-author-4"
                    >
                      Bailey, Peter J.
                    </span>
                    , 
                    <span
                      class="citationAuthor"
                      data-testid="rek-author-5"
                    >
                      Betts, Joshua A.
                    </span>
                    , 
                    <span
                      class="citationAuthor"
                      data-testid="rek-author-6"
                    >
                      McCart Reed, Amy E.
                    </span>
                    , 
                    <span
                      class="citationAuthor"
                      data-testid="rek-author-7"
                    >
                      Nephew, Kenneth P.
                    </span>
                    , 
                    <span
                      class="citationAuthor"
                      data-testid="rek-author-8"
                    >
                      Stone, Andrew
                    </span>
                    , 
                    <span
                      class="citationAuthor"
                      data-testid="rek-author-9"
                    >
                      Gee, Julia M. W.
                    </span>
                    , 
                    <span
                      class="citationAuthor"
                      data-testid="rek-author-10"
                    >
                      Dowhan, Dennis H.
                    </span>
                    , 
                    <span
                      class="citationAuthor"
                      data-testid="rek-author-11"
                    >
                      Dray, Eloise
                    </span>
                    , 
                    <span
                      class="citationAuthor"
                      data-testid="rek-author-12"
                    >
                      Shewan, Annette M.
                    </span>
                    , 
                    <span
                      class="citationAuthor"
                      data-testid="rek-author-13"
                    >
                      French, Juliet D.
                    </span>
                    , 
                    <span
                      class="citationAuthor"
                      data-testid="rek-author-14"
                    >
                      Edwards, Stacey L.
                    </span>
                    , 
                    <span
                      class="citationAuthor"
                      data-testid="rek-author-15"
                    >
                      Clark, Susan J.
                    </span>
                    , 
                    <span
                      class="citationAuthor"
                      data-testid="rek-author-16"
                    >
                      Lakhani, Sunil R.
                    </span>
                    , 
                     and 
                    <span
                      class="citationAuthor"
                      data-testid="rek-author-17"
                    >
                      Brown, Melissa A.
                    </span>
                     
                  </span>
                  <span
                    class="citationDate"
                  >
                    (
                    2016
                    ).
                  </span>
                  <span
                    class="citationTitle"
                  >
                     
                    Long-range regulators of the lncRNA HOTAIR enhance its prognostic potential in breast cancer
                    .
                  </span>
                  <span
                    class="citationJournalName"
                  >
                     
                    Human Molecular Genetics
                     
                  </span>
                  <span
                    class="citationVolumeNumber"
                  >
                     
                    25
                     
                  </span>
                  <span
                    class="citationIssueNumber"
                  >
                    (
                    15
                    ) 
                  </span>
                  <span
                    class="citationArticleNumber empty"
                  />
                  <span
                    class="citationPageRange"
                  >
                    <span
                      class="citationStartPage"
                    >
                      3269
                    </span>
                    -
                    <span
                      class="citationEndPage"
                    >
                      3283
                    </span>
                  </span>
                  <span>
                    . 
                  </span>
                  <span
                    data-testid="rek-doi"
                  >
                    <a
                      aria-label="Open this DOI in an new window"
                      class="citationDoiLink css-1oqhn84"
                      data-analyticsid="citation-doi-link"
                      data-testid="citation-doi-link"
                      href="https://doi.org/10.1093/hmg/ddw177"
                      id="citation-doi-link"
                      rel="noopener noreferrer"
                      tabindex="0"
                      target="_blank"
                      title="Open this DOI in an new window"
                    >
                      <svg
                        aria-hidden="true"
                        class="MuiSvgIcon-root MuiSvgIcon-fontSizeMedium css-1rso8a2-MuiSvgIcon-root"
                        data-testid="OpenInNewIcon"
                        focusable="false"
                        id="citation-doi-link-new-window-icon"
                        viewBox="0 0 24 24"
                      >
                        <path
                          d="M19 19H5V5h7V3H5c-1.11 0-2 .9-2 2v14c0 1.1.89 2 2 2h14c1.1 0 2-.9 2-2v-7h-2zM14 3v2h3.59l-9.83 9.83 1.41 1.41L19 6.41V10h2V3z"
                        />
                      </svg>
                      https://doi.org/10.1093/hmg/ddw177
                    </a>
                  </span>
                </span>
              </div>
              <div
                class="MuiGridLegacy-root MuiGridLegacy-item MuiGridLegacy-grid-xs-12 css-fwd0zd-MuiGridLegacy-root"
              >
                <div
                  class="MuiGridLegacy-root MuiGridLegacy-container css-4zaipq-MuiGridLegacy-root"
                >
                  <div
                    class="MuiGridLegacy-root MuiGridLegacy-item MuiGridLegacy-grid-xs-auto css-wx9gf7-MuiGridLegacy-root"
                  >
                    <div
                      class="MuiGridLegacy-root MuiGridLegacy-container css-164hai-MuiGridLegacy-root"
                    >
                      <div
                        class="MuiGridLegacy-root MuiGridLegacy-item MuiGridLegacy-grid-xs-12 MuiGridLegacy-grid-sm-auto css-e9j1q9-MuiGridLegacy-root"
                      >
                        <a
                          aria-label="Full citation in Web of science will open in a new window"
                          class="wosCitationCount css-si3g8d"
                          data-analyticsid="wos-citation-count-link"
                          data-testid="wos-citation-count-link"
                          href="https://www.webofknowledge.com/?auth=ShibbolethIdPForm&entityID=https://idp.uq.edu.au/entity&ShibFederation=OpenAthensFederation&DestApp=WOS&target=https%253A%252F%252Fwww.webofscience.com%252Fapi%252Fgateway%253FGWVersion%253D2%2526SrcAuth%253Duqueensland%2526SrcApp%253Dresolve1%2526DestLinkType%253DFullRecord%2526DestApp%253DWOS_CPL%2526KeyUT%253D000393077300011"
                          id="wos-citation-count-link"
                          rel="noopener noreferrer"
                          tabindex="0"
                          target="_blank"
                          title="Full citation in Web of science will open in a new window"
                        >
                          <span
                            class="fez-icon wos large"
                          />
                          <span
                            class="MuiBox-root css-19k1sqg"
                          >
                            23
                          </span>
                        </a>
                        <a
                          aria-label="Full citation in Scopus will open in a new window"
                          class="scopusCitationCount css-si3g8d"
                          data-analyticsid="scopus-citation-count-link"
                          data-testid="scopus-citation-count-link"
                          href="https://resolver.library.uq.edu.au/openathens/redir?qurl=https%3A%2F%2Fwww.scopus.com%2Frecord%2Fdisplay.uri%3Feid%3D2-s2.0-85014391875%26origin%3Dinward"
                          id="scopus-citation-count-link"
                          rel="noopener noreferrer"
                          tabindex="0"
                          target="_blank"
                          title="Full citation in Scopus will open in a new window"
                        >
                          <span
                            class="fez-icon scopus large"
                          />
                          <span
                            class="MuiBox-root css-19k1sqg"
                          >
                            26
                          </span>
                        </a>
                        <a
                          aria-label="Full citation in Altmetric will open in a new window"
                          class="altmetricCitationCount css-si3g8d"
                          data-analyticsid="altmetric-citation-count-link"
                          data-testid="altmetric-citation-count-link"
                          href="https://queensland.altmetric.com/details/9271343"
                          id="altmetric-citation-count-link"
                          rel="noopener noreferrer"
                          tabindex="0"
                          target="_blank"
                          title="Full citation in Altmetric will open in a new window"
                        >
                          <span
                            class="fez-icon altmetric large"
                          />
                          <span
                            class="MuiBox-root css-19k1sqg"
                          >
                            3
                          </span>
                        </a>
                        <a
                          aria-label="Full citation in Google scholar will open in a new window"
                          class="googleCitationCount css-si3g8d"
                          data-analyticsid="google-citation-count-link"
                          data-testid="google-citation-count-link"
                          href="https://scholar.google.com/scholar?q=intitle:Long-range%20regulators%20of%20the%20lncRNA%20HOTAIR%20enhance%20its%20prognostic%20potential%20in%20breast%20cancer"
                          id="google-citation-count-link"
                          rel="noopener noreferrer"
                          tabindex="0"
                          target="_blank"
                          title="Full citation in Google scholar will open in a new window"
                        >
                          <span
                            class="fez-icon google large"
                          />
                        </a>
                        <span
                          class="noOaIcon"
                          data-testid="oa-n/a-icon"
                        />
                      </div>
                      <div
                        class="MuiGridLegacy-root MuiGridLegacy-item css-11uceyq-MuiGridLegacy-root"
                      />
                      <div
                        class="MuiGridLegacy-root MuiGridLegacy-item MuiGridLegacy-grid-xs-true css-1n3v6zn-MuiGridLegacy-root"
                      />
                    </div>
                  </div>
                </div>
              </div>
            </div>
          </div>
          <div
            class="MuiGridLegacy-root MuiGridLegacy-item MuiGridLegacy-grid-xs-12 css-fwd0zd-MuiGridLegacy-root"
          >
            <span
              class="MuiTypography-root MuiTypography-caption css-bf50cq-MuiTypography-root"
              data-testid="rek-content-indicator"
              id="rek-content-indicator"
            >
              <div
                class="MuiBox-root css-w4835h"
              >
                Content Indicators
                :
              </div>
              Scholarship of Teaching and Learning, Protocol
            </span>
          </div>
        </div>
        <div
          class="MuiGridLegacy-root MuiGridLegacy-container MuiGridLegacy-spacing-xs-1 css-8slyrk-MuiGridLegacy-root"
        >
          <div
            class="MuiGridLegacy-root MuiGridLegacy-item MuiGridLegacy-grid-xs-true css-1n3v6zn-MuiGridLegacy-root"
          />
          <div
            class="MuiGridLegacy-root MuiGridLegacy-item MuiGridLegacy-grid-xs-12 MuiGridLegacy-grid-sm-auto css-e9j1q9-MuiGridLegacy-root"
          >
            <button
              class="MuiButtonBase-root MuiButton-root UQ396321 MuiButton-text MuiButton-textPrimary MuiButton-sizeMedium MuiButton-textSizeMedium MuiButton-colorPrimary MuiButton-fullWidth MuiButton-root UQ396321 MuiButton-text MuiButton-textPrimary MuiButton-sizeMedium MuiButton-textSizeMedium MuiButton-colorPrimary MuiButton-fullWidth publicationAction buttonOrder0 css-1n5sf3i-MuiButtonBase-root-MuiButton-root"
              data-testid="publication-action-UQ396321-secondary"
              tabindex="0"
              type="button"
            >
              Request Correction
            </button>
          </div>
        </div>
      </div>
      <hr
        class="MuiDivider-root MuiDivider-fullWidth css-zww2ny-MuiDivider-root"
      />
    </div>
  </div>
  <div
    class="MuiGridLegacy-root MuiGridLegacy-container css-164hai-MuiGridLegacy-root"
  >
    <div
      class="MuiGridLegacy-root MuiGridLegacy-item MuiGridLegacy-grid-xs-true css-1skj0mj-MuiGridLegacy-root"
    />
    <div
      class="MuiGridLegacy-root MuiGridLegacy-item MuiGridLegacy-grid-xs-12 MuiGridLegacy-grid-sm-auto css-e9j1q9-MuiGridLegacy-root"
    >
      <button
        class="MuiButtonBase-root MuiButton-root MuiButton-contained MuiButton-containedSecondary MuiButton-sizeMedium MuiButton-containedSizeMedium MuiButton-colorSecondary MuiButton-root MuiButton-contained MuiButton-containedSecondary MuiButton-sizeMedium MuiButton-containedSizeMedium MuiButton-colorSecondary css-cu9fqp-MuiButtonBase-root-MuiButton-root"
        tabindex="0"
        type="button"
      >
        View all (137)
      </button>
    </div>
  </div>
</div>
`;

exports[`Component MyLatestPublications should render loading indicator 1`] = `
{
  "asFragment": [Function],
  "baseElement": <body>
    <div>
      <div
        class="isLoading is-centered"
      >
        <div
          style="padding: 8px;"
        >
          <div
            class="MuiGridLegacy-root MuiGridLegacy-container MuiGridLegacy-spacing-xs-1 css-1s5ig73-MuiGridLegacy-root"
          >
            <div
              class="MuiGridLegacy-root MuiGridLegacy-item MuiGridLegacy-grid-xs-true css-1idtt4c-MuiGridLegacy-root"
            />
            <div
              class="MuiGridLegacy-root MuiGridLegacy-item MuiGridLegacy-grid-xs-auto css-14euy9a-MuiGridLegacy-root"
              style="text-align: center;"
            >
              <span
                aria-label="Loading"
                class="MuiCircularProgress-root MuiCircularProgress-indeterminate MuiCircularProgress-colorPrimary css-1jjkwrz-MuiCircularProgress-root"
                role="progressbar"
                style="width: 18px; height: 18px;"
              >
                <svg
                  class="MuiCircularProgress-svg css-54pwck-MuiCircularProgress-svg"
                  viewBox="22 22 44 44"
                >
                  <circle
                    class="MuiCircularProgress-circle MuiCircularProgress-circleIndeterminate css-19t5dcl-MuiCircularProgress-circle"
                    cx="44"
                    cy="44"
                    fill="none"
                    r="21"
                    stroke-width="2"
                  />
                </svg>
              </span>
            </div>
            <div
              class="MuiGridLegacy-root MuiGridLegacy-item MuiGridLegacy-grid-xs-auto css-14euy9a-MuiGridLegacy-root"
              style="text-align: center;"
            >
              <span
                class="MuiTypography-root MuiTypography-h5 css-kl1ura-MuiTypography-root"
                style="font-size: 1.33rem;"
              >
                Loading your latest works
              </span>
            </div>
            <div
              class="MuiGridLegacy-root MuiGridLegacy-item MuiGridLegacy-grid-xs-true css-1idtt4c-MuiGridLegacy-root"
            />
          </div>
        </div>
      </div>
    </div>
  </body>,
  "container": <div>
    <div
      class="isLoading is-centered"
    >
      <div
        style="padding: 8px;"
      >
        <div
          class="MuiGridLegacy-root MuiGridLegacy-container MuiGridLegacy-spacing-xs-1 css-1s5ig73-MuiGridLegacy-root"
        >
          <div
            class="MuiGridLegacy-root MuiGridLegacy-item MuiGridLegacy-grid-xs-true css-1idtt4c-MuiGridLegacy-root"
          />
          <div
            class="MuiGridLegacy-root MuiGridLegacy-item MuiGridLegacy-grid-xs-auto css-14euy9a-MuiGridLegacy-root"
            style="text-align: center;"
          >
            <span
              aria-label="Loading"
              class="MuiCircularProgress-root MuiCircularProgress-indeterminate MuiCircularProgress-colorPrimary css-1jjkwrz-MuiCircularProgress-root"
              role="progressbar"
              style="width: 18px; height: 18px;"
            >
              <svg
                class="MuiCircularProgress-svg css-54pwck-MuiCircularProgress-svg"
                viewBox="22 22 44 44"
              >
                <circle
                  class="MuiCircularProgress-circle MuiCircularProgress-circleIndeterminate css-19t5dcl-MuiCircularProgress-circle"
                  cx="44"
                  cy="44"
                  fill="none"
                  r="21"
                  stroke-width="2"
                />
              </svg>
            </span>
          </div>
          <div
            class="MuiGridLegacy-root MuiGridLegacy-item MuiGridLegacy-grid-xs-auto css-14euy9a-MuiGridLegacy-root"
            style="text-align: center;"
          >
            <span
              class="MuiTypography-root MuiTypography-h5 css-kl1ura-MuiTypography-root"
              style="font-size: 1.33rem;"
            >
              Loading your latest works
            </span>
          </div>
          <div
            class="MuiGridLegacy-root MuiGridLegacy-item MuiGridLegacy-grid-xs-true css-1idtt4c-MuiGridLegacy-root"
          />
        </div>
      </div>
    </div>
  </div>,
  "debug": [Function],
  "findAllByAltText": [Function],
  "findAllByDisplayValue": [Function],
  "findAllByLabelText": [Function],
  "findAllByPlaceholderText": [Function],
  "findAllByRole": [Function],
  "findAllByTestId": [Function],
  "findAllByText": [Function],
  "findAllByTitle": [Function],
  "findByAltText": [Function],
  "findByDisplayValue": [Function],
  "findByLabelText": [Function],
  "findByPlaceholderText": [Function],
  "findByRole": [Function],
  "findByTestId": [Function],
  "findByText": [Function],
  "findByTitle": [Function],
  "getAllByAltText": [Function],
  "getAllByDisplayValue": [Function],
  "getAllByLabelText": [Function],
  "getAllByPlaceholderText": [Function],
  "getAllByRole": [Function],
  "getAllByTestId": [Function],
  "getAllByText": [Function],
  "getAllByTitle": [Function],
  "getByAltText": [Function],
  "getByDisplayValue": [Function],
  "getByLabelText": [Function],
  "getByPlaceholderText": [Function],
  "getByRole": [Function],
  "getByTestId": [Function],
  "getByText": [Function],
  "getByTitle": [Function],
  "queryAllByAltText": [Function],
  "queryAllByDisplayValue": [Function],
  "queryAllByLabelText": [Function],
  "queryAllByPlaceholderText": [Function],
  "queryAllByRole": [Function],
  "queryAllByTestId": [Function],
  "queryAllByText": [Function],
  "queryAllByTitle": [Function],
  "queryByAltText": [Function],
  "queryByDisplayValue": [Function],
  "queryByLabelText": [Function],
  "queryByPlaceholderText": [Function],
  "queryByRole": [Function],
  "queryByTestId": [Function],
  "queryByText": [Function],
  "queryByTitle": [Function],
  "rerender": [Function],
  "unmount": [Function],
}
`;
