// Jest Snapshot v1, https://goo.gl/fbAQLP

exports[`PreprintCitation renders  component with a mock espace record 1`] = `
<div>
  <div
    class="citationContent citationPreprint"
  >
    <span
      class="citationAuthors"
    >
      <span
        class="citationAuthor"
        data-testid="rek-author-0"
      >
        Asmussen, S.
      </span>
      , 
      <span
        class="citationAuthor"
        data-testid="rek-author-1"
      >
        Kroese, D. P.
      </span>
      , 
       and 
      <span
        class="citationAuthor"
        data-testid="rek-author-2"
      >
        Rubinstein, R. Y.
      </span>
       
    </span>
    <span
      class="citationDate"
    >
      (
      2004
      ).
    </span>
    <span
      class="citationTitle"
    >
       
      Heavy Tails, Importance Sampling and Cross-Entropy
      .
    </span>
  </div>
</div>
`;

exports[`PreprintCitation renders  component with empty publication 1`] = `
<div>
  <div
    class="citationContent citationPreprint"
  >
    <span
      class="citationAuthors empty"
    />
    <span
      class="citationDate empty"
    />
    <span
      class="citationTitle empty"
    />
  </div>
</div>
`;
