// Jest Snapshot v1, https://goo.gl/fbAQLP

exports[`ConfirmDialogBox snapshots tests renders component with customised locale 1`] = `
<div
  aria-hidden="true"
>
  <span
    class="MuiBox-root css-0"
    data-testid="confirmDialogBox"
  />
</div>
`;

exports[`ConfirmDialogBox snapshots tests renders component with yes 1`] = `
<div
  aria-hidden="true"
>
  <span
    class="MuiBox-root css-0"
    data-testid="confirmDialogBox"
  />
</div>
`;

exports[`ConfirmDialogBox snapshots tests renders component with yes/no buttons 1`] = `
<div
  aria-hidden="true"
>
  <span
    class="MuiBox-root css-0"
    data-testid="confirmDialogBox"
  />
</div>
`;

exports[`ConfirmDialogBox snapshots tests renders component with yes/no/maybe buttons 1`] = `
<div
  aria-hidden="true"
>
  <span
    class="MuiBox-root css-0"
    data-testid="confirmDialogBox"
  />
</div>
`;
