// Jest Snapshot v1, https://goo.gl/fbAQLP

exports[`Component FileUploadDropzone should render component with default props 1`] = `
<div>
  <div
    class="MuiGridLegacy-root MuiGridLegacy-container css-164hai-MuiGridLegacy-root"
  >
    <div
      class="MuiGridLegacy-root MuiGridLegacy-item MuiGridLegacy-grid-xs-12 css-fwd0zd-MuiGridLegacy-root"
    >
      <div
        id="FileUploadDropZone"
        role="presentation"
        style="padding: 0px;"
        tabindex="0"
      >
        <input
          aria-label="Upload files"
          data-analyticsid="fez-datastream-info-input"
          data-testid="fez-datastream-info-input"
          id="Uploader"
          multiple=""
          style="border: 0px; clip: rect(0px, 0px, 0px, 0px); clip-path: inset(50%); height: 1px; margin: 0px -1px -1px 0px; overflow: hidden; padding: 0px; position: absolute; width: 1px; white-space: nowrap;"
          tabindex="-1"
          type="file"
        />
        <div
          class="MuiGridLegacy-root MuiGridLegacy-container FileUploadTermsAndConditions-root css-cid41t-MuiGridLegacy-root"
        >
          <div
            class="MuiGridLegacy-root MuiGridLegacy-item MuiGridLegacy-grid-xs-12 MuiGridLegacy-grid-sm-6 css-b2h8ea-MuiGridLegacy-root"
          >
            <p
              class="MuiTypography-root MuiTypography-body1 css-17kn7d-MuiTypography-root"
            />
          </div>
          <div
            class="MuiGridLegacy-root MuiGridLegacy-item MuiGridLegacy-grid-xs-12 MuiGridLegacy-grid-sm-6 css-b2h8ea-MuiGridLegacy-root"
          >
            <div
              class="MuiGridLegacy-root MuiGridLegacy-container MuiGridLegacy-direction-xs-column css-v3yw6j-MuiGridLegacy-root"
            >
              <div
                class="MuiGridLegacy-root MuiGridLegacy-item css-11uceyq-MuiGridLegacy-root"
              >
                <svg
                  aria-hidden="true"
                  class="MuiSvgIcon-root MuiSvgIcon-fontSizeMedium css-cyae3y-MuiSvgIcon-root"
                  data-testid="CloudUploadIcon"
                  focusable="false"
                  viewBox="0 0 24 24"
                >
                  <path
                    d="M19.35 10.04C18.67 6.59 15.64 4 12 4 9.11 4 6.6 5.64 5.35 8.04 2.34 8.36 0 10.91 0 14c0 3.31 2.69 6 6 6h13c2.76 0 5-2.24 5-5 0-2.64-2.05-4.78-4.65-4.96M14 13v4h-4v-4H7l5-5 5 5z"
                  />
                </svg>
              </div>
              <div
                class="MuiGridLegacy-root MuiGridLegacy-item css-11uceyq-MuiGridLegacy-root"
              />
            </div>
          </div>
        </div>
      </div>
    </div>
  </div>
</div>
`;

exports[`Component FileUploadDropzone should render disabled component 1`] = `
<div>
  <div
    class="MuiGridLegacy-root MuiGridLegacy-container css-164hai-MuiGridLegacy-root"
  >
    <div
      class="MuiGridLegacy-root MuiGridLegacy-item MuiGridLegacy-grid-xs-12 css-fwd0zd-MuiGridLegacy-root"
    >
      <div
        id="FileUploadDropZone"
        role="presentation"
        style="padding: 0px;"
        tabindex="0"
      >
        <input
          aria-label="Upload files"
          data-analyticsid="fez-datastream-info-input"
          data-testid="fez-datastream-info-input"
          id="Uploader"
          multiple=""
          style="border: 0px; clip: rect(0px, 0px, 0px, 0px); clip-path: inset(50%); height: 1px; margin: 0px -1px -1px 0px; overflow: hidden; padding: 0px; position: absolute; width: 1px; white-space: nowrap;"
          tabindex="-1"
          type="file"
        />
        <div
          class="MuiGridLegacy-root MuiGridLegacy-container FileUploadTermsAndConditions-root css-cid41t-MuiGridLegacy-root"
        >
          <div
            class="MuiGridLegacy-root MuiGridLegacy-item MuiGridLegacy-grid-xs-12 MuiGridLegacy-grid-sm-6 css-b2h8ea-MuiGridLegacy-root"
          >
            <p
              class="MuiTypography-root MuiTypography-body1 css-17kn7d-MuiTypography-root"
            />
          </div>
          <div
            class="MuiGridLegacy-root MuiGridLegacy-item MuiGridLegacy-grid-xs-12 MuiGridLegacy-grid-sm-6 css-b2h8ea-MuiGridLegacy-root"
          >
            <div
              class="MuiGridLegacy-root MuiGridLegacy-container MuiGridLegacy-direction-xs-column css-v3yw6j-MuiGridLegacy-root"
            >
              <div
                class="MuiGridLegacy-root MuiGridLegacy-item css-11uceyq-MuiGridLegacy-root"
              >
                <svg
                  aria-hidden="true"
                  class="MuiSvgIcon-root MuiSvgIcon-fontSizeMedium css-cyae3y-MuiSvgIcon-root"
                  data-testid="CloudUploadIcon"
                  focusable="false"
                  viewBox="0 0 24 24"
                >
                  <path
                    d="M19.35 10.04C18.67 6.59 15.64 4 12 4 9.11 4 6.6 5.64 5.35 8.04 2.34 8.36 0 10.91 0 14c0 3.31 2.69 6 6 6h13c2.76 0 5-2.24 5-5 0-2.64-2.05-4.78-4.65-4.96M14 13v4h-4v-4H7l5-5 5 5z"
                  />
                </svg>
              </div>
              <div
                class="MuiGridLegacy-root MuiGridLegacy-item css-11uceyq-MuiGridLegacy-root"
              />
            </div>
          </div>
        </div>
      </div>
    </div>
  </div>
</div>
`;
